// Jest Snapshot v1, https://goo.gl/fbAQLP

exports[`Cell component 1`] = `
<div
  className="forecast-cell"
>
  <span>
    Invalid Date
  </span>
  <span>
    NaN
    Â°C
  </span>
</div>
`;
